[dotenv@17.2.3] injecting env (29) from .env.local -- tip: ⚙️  enable debug logging with { debug: true }

Running 1 test using 1 worker

[1A[2K[dotenv@17.2.3] injecting env (0) from .env.local -- tip: ⚙️  write to custom object with { processEnv: myObject }

[1A[2K[1/1] [chromium] › tests\golden-path.spec.ts:23:7 › Golden Path › user can sign in, reach discovery, and navigate core views
[1A[2K  1) [chromium] › tests\golden-path.spec.ts:23:7 › Golden Path › user can sign in, reach discovery, and navigate core views 

    Error: browserType.launch: Executable doesn't exist at C:\Users\sarma\AppData\Local\ms-playwright\chromium-1194\chrome-win\chrome.exe
    ╔═════════════════════════════════════════════════════════════════════════╗
    ║ Looks like Playwright Test or Playwright was just installed or updated. ║
    ║ Please run the following command to download new browsers:              ║
    ║                                                                         ║
    ║     npx playwright install                                              ║
    ║                                                                         ║
    ║ <3 Playwright Team                                                      ║
    ╚═════════════════════════════════════════════════════════════════════════╝


[1A[2K  1 failed
    [chromium] › tests\golden-path.spec.ts:23:7 › Golden Path › user can sign in, reach discovery, and navigate core views 

[36m  Serving HTML report at http://localhost:9323. Press Ctrl+C to quit.[39m
^C^CTerminate batch job (Y/N)? 